// Jest Snapshot v1, https://goo.gl/fbAQLP

exports[`Links 1`] = `
<div>
  <div
    class="mb-8 text-sm text-white"
  >
    <div
      class=""
    >
      <a
        class="inline-flex flex-row items-center hover:text-black transition-colors"
        href="https://sparql.crssnky.xyz/imas"
        rel="noopener noreferrer"
        target="_blank"
        title="im@sparql"
      >
        <svg
          class="mr-2 text-2xl"
          fill="none"
          height="1em"
          stroke="currentColor"
          stroke-linecap="round"
          stroke-linejoin="round"
          stroke-width="2"
          viewBox="0 0 24 24"
          width="1em"
          xmlns="http://www.w3.org/2000/svg"
        >
          <ellipse
            cx="12"
            cy="5"
            rx="9"
            ry="3"
          />
          <path
            d="M21 12c0 1.66-4 3-9 3s-9-1.34-9-3"
          />
          <path
            d="M3 5v14c0 1.66 4 3 9 3s9-1.34 9-3V5"
          />
        </svg>
        <span>
          by im@sparql
        </span>
      </a>
    </div>
  </div>
</div>
`;
